09:47:11 **** Auto Build of configuration Debug for project app ****
make all 
'Building file: ../src/zad2.c'
'Invoking: MicroBlaze gcc compiler'
mb-gcc -Wall -O0 -g3 -c -fmessage-length=0 -I../../app_bsp/microblaze_0/include -mxl-barrel-shift -mxl-pattern-compare -mcpu=v8.50.c -mno-xl-soft-mul -Wl,--no-relax -ffunction-sections -fdata-sections -MMD -MP -MF"src/zad2.d" -MT"src/zad2.d" -o "src/zad2.o" "../src/zad2.c"
../src/zad2.c: In function 'main':
../src/zad2.c:15:3: warning: implicit declaration of function 'XUartLite_RecvByte' [-Wimplicit-function-declaration]
'Finished building: ../src/zad2.c'
' '
'Building target: app.elf'
'Invoking: MicroBlaze gcc linker'
mb-gcc -Wl,-T -Wl,../src/lscript.ld -L../../app_bsp/microblaze_0/lib -mxl-barrel-shift -mxl-pattern-compare -mcpu=v8.50.c -mno-xl-soft-mul -Wl,--no-relax -Wl,--gc-sections -o "app.elf"  ./src/platform.o ./src/zad2.o   -Wl,--start-group,-lxil,-lgcc,-lc,--end-group
'Finished building target: app.elf'
' '
'Invoking: MicroBlaze Print Size'
mb-size app.elf  |tee "app.elf.size"
   text	   data	    bss	    dec	    hex	filename
   5322	    272	   2086	   7680	   1e00	app.elf
'Finished building: app.elf.size'
' '
'Invoking: Xilinx ELF Check'
elfcheck app.elf -hw ../../EDK_hw_platform/system.xml -pe microblaze_0  |tee "app.elf.elfcheck"
elfcheck
Xilinx EDK 14.7 Build EDK_P.20131013
Copyright (c) 1995-2012 Xilinx, Inc.  All rights reserved.

Command Line: elfcheck -hw ../../EDK_hw_platform/system.xml -pe microblaze_0
app.elf 

ELF file	: app.elf
elfcheck passed.
'Finished building: app.elf.elfcheck'
' '

09:47:12 Build Finished (took 1s.629ms)

