09:54:25 **** Auto Build of configuration Debug for project lv5 ****
make all 
'Building file: ../main2.c'
'Invoking: MicroBlaze gcc compiler'
mb-gcc -Wall -O0 -g3 -c -fmessage-length=0 -I../../Projekt_bsp/microblaze_0/include -mxl-barrel-shift -mxl-pattern-compare -mcpu=v8.50.c -mno-xl-soft-mul -Wl,--no-relax -ffunction-sections -fdata-sections -MMD -MP -MF"main2.d" -MT"main2.d" -o "main2.o" "../main2.c"
'Finished building: ../main2.c'
' '
'Building target: lv5.elf'
'Invoking: MicroBlaze gcc linker'
mb-gcc -Wl,-T -Wl,../src/lscript.ld -L../../Projekt_bsp/microblaze_0/lib -mxl-barrel-shift -mxl-pattern-compare -mcpu=v8.50.c -mno-xl-soft-mul -Wl,--no-relax -Wl,--gc-sections -o "lv5.elf"  ./main2.o   -Wl,--start-group,-lxil,-lgcc,-lc,--end-group
'Finished building target: lv5.elf'
' '
'Invoking: MicroBlaze Print Size'
mb-size lv5.elf  |tee "lv5.elf.size"
   text	   data	    bss	    dec	    hex	filename
   9802	    348	   2346	  12496	   30d0	lv5.elf
'Finished building: lv5.elf.size'
' '
'Invoking: Xilinx ELF Check'
elfcheck lv5.elf -hw ../../EDK_hw_platform/system.xml -pe microblaze_0  |tee "lv5.elf.elfcheck"
elfcheck
Xilinx EDK 14.7 Build EDK_P.20131013
Copyright (c) 1995-2012 Xilinx, Inc.  All rights reserved.

Command Line: elfcheck -hw ../../EDK_hw_platform/system.xml -pe microblaze_0
lv5.elf 

ELF file	: lv5.elf
elfcheck passed.
'Finished building: lv5.elf.elfcheck'
' '

09:54:26 Build Finished (took 1s.628ms)

