10:20:11 **** Auto Build of configuration Debug for project lv2 ****
make all 
'Building file: ../src/main3.c'
'Invoking: MicroBlaze gcc compiler'
mb-gcc -Wall -O0 -g3 -c -fmessage-length=0 -I../../lv2_bsp/microblaze_0/include -mxl-barrel-shift -mxl-pattern-compare -mcpu=v8.50.c -mno-xl-soft-mul -Wl,--no-relax -ffunction-sections -fdata-sections -MMD -MP -MF"src/main3.d" -MT"src/main3.d" -o "src/main3.o" "../src/main3.c"
'Finished building: ../src/main3.c'
' '
'Building target: lv2.elf'
'Invoking: MicroBlaze gcc linker'
mb-gcc -Wl,-T -Wl,../src/lscript.ld -L../../lv2_bsp/microblaze_0/lib -mxl-barrel-shift -mxl-pattern-compare -mcpu=v8.50.c -mno-xl-soft-mul -Wl,--no-relax -Wl,--gc-sections -o "lv2.elf"  ./src/main3.o ./src/platform.o   -Wl,--start-group,-lxil,-lgcc,-lc,--end-group
'Finished building target: lv2.elf'
' '
'Invoking: MicroBlaze Print Size'
mb-size lv2.elf  |tee "lv2.elf.size"
   text	   data	    bss	    dec	    hex	filename
   5854	    308	   2092	   8254	   203e	lv2.elf
'Finished building: lv2.elf.size'
' '
'Invoking: Xilinx ELF Check'
elfcheck lv2.elf -hw ../../EDK_hw_platform/system.xml -pe microblaze_0  |tee "lv2.elf.elfcheck"
elfcheck
Xilinx EDK 14.7 Build EDK_P.20131013
Copyright (c) 1995-2012 Xilinx, Inc.  All rights reserved.

Command Line: elfcheck -hw ../../EDK_hw_platform/system.xml -pe microblaze_0
lv2.elf 

ELF file	: lv2.elf
elfcheck passed.
'Finished building: lv2.elf.elfcheck'
' '

10:20:13 Build Finished (took 1s.672ms)

