D:\DRS\LV5_Milicevic_Istvanic\EDK\implementation\system.ngc 1702538536
D:/DRS/LV5_Milicevic_Istvanic/EDK/implementation/system_rs232_uart_1_wrapper.ngc 1702538466
D:/DRS/LV5_Milicevic_Istvanic/EDK/implementation/system_clock_generator_0_wrapper.ngc 1702538521
D:/DRS/LV5_Milicevic_Istvanic/EDK/implementation/system_proc_sys_reset_0_wrapper.ngc 1702538466
D:/DRS/LV5_Milicevic_Istvanic/EDK/implementation/system_microblaze_0_wrapper.ngc 1702538518
D:/DRS/LV5_Milicevic_Istvanic/EDK/implementation/system_mb_plb_wrapper.ngc 1702538502
D:/DRS/LV5_Milicevic_Istvanic/EDK/implementation/system_ilmb_wrapper.ngc 1702538466
D:/DRS/LV5_Milicevic_Istvanic/EDK/implementation/system_dlmb_wrapper.ngc 1702538466
D:/DRS/LV5_Milicevic_Istvanic/EDK/implementation/system_dlmb_cntlr_wrapper.ngc 1702538466
D:/DRS/LV5_Milicevic_Istvanic/EDK/implementation/system_ilmb_cntlr_wrapper.ngc 1702538466
D:/DRS/LV5_Milicevic_Istvanic/EDK/implementation/system_leds_8bits_wrapper.ngc 1702538466
D:/DRS/LV5_Milicevic_Istvanic/EDK/implementation/system_ps2_mouse_keyboard_wrapper.ngc 1702538466
D:/DRS/LV5_Milicevic_Istvanic/EDK/implementation/system_mdm_0_wrapper.ngc 1702538466
D:/DRS/LV5_Milicevic_Istvanic/EDK/implementation/system_xps_intc_0_wrapper.ngc 1702538524
D:/DRS/LV5_Milicevic_Istvanic/EDK/implementation/system_lmb_bram_wrapper.ngc 1702538466
D:/DRS/LV5_Milicevic_Istvanic/EDK/implementation/system_mem_bus_mux_0_wrapper.ngc 1702538466
OK
